akadns.net
akamai.net
akamaiedge.net
amd.com
anthropic.com
archive.org
auth0.com
autodesk.com
badoo.app
badoo.com
badoocdn.com
bing.com
boombeachgame.com
brawlstarsgame.com
broadcom.com
canva.com
cdninstagram.com
cdnlibs.org
chatgpt.com
chess.com
clashofclans.com
clashroyaleapp.com
claude.ai
claude.com
claudemcpclient.com
codeium.com
codeiumdata.com
deepl.com
deepmind.com
deepmind.google
deezer.com
dell.com
dellcdn.com
discord.media
dyson.com
dyson.de
dyson.fr
dyson.se
dzcdn.net
edgekey.net
edgesuite.net
elevenlabs.io
elevenreader.io
elgato.com
facebook.com
fb.com
fbcdn.net
fbsbx.com
fitbit.com
fmhy.lol
fmhy.net
framer.com
gemini.google
generativeai.google
google.com
google.dev
googleapis.com
gpt3-openai.com
grok.com
guidedhacking.com
guilded.gg
imgur.com
instagram.com
intel.com
intel.de
jetbrains.ai
jetbrains.com
jetbrains.space
jules.google
labs.google
linear.app
live.com
live.net
make.com
malw.link
manus.im
mchost.guru
meta.ai
microsoft.com
mocogame.com
myjetbrains.com
nalog.ru
naukimg.com
naukri.com
notebooklm.google
notion.com
notion.so
ntc.party
nvidia.com
oaistatic.com
oaiusercontent.com
office.com
onetrust.com
opal.google
openai.com
openbittorrent.com
oracle.com
parsec.app
patreon.com
patreonusercontent.com
pki.goog
posthog.com
pump.fun
qwant.com
reve.art
reve.com
rus.ec
rutor.info
rutor.is
scdn.co
sketchup.com
sora.com
spotify.com
spotifycdn.com
spotifycdn.net
squadbustersgame.com
squareup.com
strava.com
supercell.com
t.me
tableau.com
tailscale.com
teamviewer.com
telegram.dog
telegram.me
telegram.org
telegram.space
telesco.pe
tg.dev
tidal.com
tiktok.com
trae.ai
trafficmanager.net
tria.ge
trimble.com
truthsocial.com
ttvnw.net
tuta.com
tutanota.com
twitch.tv
w-x.co
weather.com
windsurf.com
withgoogle.com
workos.com
wund.com
wunderground.com
wxug.com
x.ai
xbox.com
xboxlive.com
xerox.com
