1drv.ms
2ip.io
3lateral.com
70mai.com
9to5google.com
9to5mac.com
ac-fallback.codefusion.technology
ac-fileshare.codefusion.technology
ac-knock.codefusion.technology
ac-prp-ap.codefusion.technology
ac-rep.codefusion.technology
ac-survey.codefusion.technology
ac-trg.codefusion.technology
ac-upd.codefusion.technology
account.sony.com
activision.com
adjust.com
adobess.com
ae-rus.net
ae.com
aestatic.net
airstarfinance.net
akamai.net
akamaiedge.net
akamaihd.net
akamaized.net
ali.click
alicdn.com
aliexpress-media.com
aliexpress.com
aliexpress.us
amazon.com
amazon.dev
amazonaws.com
amazontrust.com
anticheatexpert.com
apple.com
artstation.com
av380.net
avito.st
azure.com
azureedge.net
battlebreakers.com
battleye.b-cdn.net
battleye.com
bdocodex.com
beeline.tv
bip.ai
bip.com
bixbyllm.com
bizmrg.com
boosty.to
box.ca
by
byteoversea.com
c.mi.com
callofduty.com
canonical.com
capturingreality.com
carcade.com
cdn2cdn.com
cdn2site.com
cdntogo.net
chatglm.cn
clngaa.com
cloudfront.net
codefusion.technology
comcast.net
cubicmotion.com
cursor-cdn.com
cursor.com
cursor.sh
cursorapi.com
dbankcdn.com
dbankcloud.cn
dbankcloud.com
demonware.net
dgameglobal.com
digital-cdn.net
docs.altlinux.org
download.nvidia.com
dreame-technology.cn
dreame-technology.com
dreame.tech
dreamehome.com
dreametech.com
dropbox.com
duokan.com
duokanbox.com
duolingo.com
ea.com
eac-cdn.com
eamobile.com
easports.com
easy.ac
easyanticheat.net
edgesuite.net
epicgames.com
epicgames.dev
epicgamescdn.com
ext-twitch.tv
fab.com
fabric.io
famatech.com
feralhosting.com
fleetlogd.com
fortnite.com
gcloudcs.com
genesis.com
genshinimpact.com
getpostman.com
github.com
github.io
githubusercontent.com
gitlab.io
godville.net
gravatar.com
gryphline.com
gstatic.com
gstore.val.manlaxy.com
gtimg.com
habr.com
hc-cdn.cn
hc-cdn.com
hcaptcha.com
helpshift.com
hf.co
hg-cdn.com
hicloud.com
hiseese.com
honkaiimpact3.com
hoyo.link
hoyolab.com
hoyoverse.com
huawei.com
huawei.net
huaweicloud-dns.cn
huaweicloud-dns.com
huaweicloud-dns.org
huaweicloud.com
huaweistatic.com
hwclouds-dns.com
hwclouds-dns.net
hyprsense.com
ibytedtos.com
icloseli.com
iiko.it
intlgame.com
iot334.com
ip-api.com
ipstream.one
jtvnw.net
jupiterlauncher.com
kaspersky.com
kraftonde.com
ktalk.ru
lede-project.org
lgappstv.com
lge.com
lgeapi.com
lgtvcommon.com
lgtvsdp.com
lichess.org
lifeaiot.com
live-video.net
live.com
live.net
lync.com
map-care.com
mchose.com.cn
media-amazon.com
mediafire.com
mgslb.com
mi-fan.com
mi-home.com
mi-idc.com
mi-img.com
mi-robot.com
mi.com
miaibox.com
microsoft
microsoft-tst.com
microsoft.com
microsoftonline-p.com
microsoftonline.com
midnight.im
mifile.cn
migames.com
mihome.com
mijia.tech
minecraftservices.com
miot-spec.cn
miot-spec.com
miot-spec.org
mipay.com
mitvos.com
miui.com
miwifi.com
mojang.com
moondroplab.tech
mradx.net
msauth.net
msftauth.net
msi.com
msn.com
msocdn.com
muscdn.com
musical.ly
mvk.com
my.com
mycdn.me
myhuaweicloud.cn
myhuaweicloud.com
myqcloud.com
nearcache.net
netmera-web.com
nexon.com
nextlgsdp.com
np.scea.com
nyphy.io
office.com
office.net
office365.com
okko.tv
onedrive.com
onezapp.com
opencity.pro
openwrt.org
origin.com
ospserver.net
ottai.com
paragon.com
pearl-bdo.com
pearlabyss.com
picooc-g.com
picooc-int.com
picoocru.com
playartifact.com
playbattlegrounds.com
playblackdesert.com
playdeltaforce.com
playparagon.com
playstation.com
playstation.net
playstationcloud.com
playvalorant.com
postman.com
postmanapp.com
premier.one
ps5update.com
psdownload.com
psremoteplay.com
pubg.com
pubg1.battleye.com
pubghelper.com
pubgno1.cn
pubgtool.com
pvp.net
qcloud.com
qq.com
qtlglb.com
queniuqe.com
quixel.com
quixel.se
quovadisglobal.com
qwen.ai
radgametools.com
radmin-vpn.com
radmin.com
rainbow6.com
realityscan.com
redd.it
reddit.com
redditmedia.com
redditspace.com
redditstatic.com
riotcdn.net
riotgames.com
ripe.net
roborecall.com
roborock.com
rockstargames.com
ru
s.team
samsung-sm-ds.com
samsung.com
samsungapps.com
samsungcloud.com
samsungcloudplatform.com
samsungcloudsolution.com
samsungdm.com
samsunggsl.com
samsunghealth.com
samsungknox.com
samsungmobile.com
samsungosp.com
samsungqbe.com
saxyit.com
sbixby.com
scea.com
sd-rtn.com
secb2b.com
sfx.ms
shadowcomplex.com
sharepoint.com
singaporepaya.com
skbx.pro
sketchfab.com
skillbox.pro
skport.com
skype.com
skypeassets.com
slingshot.co.nz
smart-life.com
smartlifeconnect.com
sonyentertainmentnetwork.com
spyjinx.com
staticpop.net
steam-api.com
steam-chat.com
steam.cdn.on.net
steam.cdn.orcon.net.nz
steam.tv
steambroadcast.com
steamcdn.com
steamcdn.net
steamchat.com
steamcommunity.com
steamcontent.com
steamdeck.com
steamdeckusercontent.com
steamgames.com
steamgames.net
steampowered.com
steamserver.net
steamstat.us
steamstatic.com
steamusercontent.com
su
supporter-files.nexus-cdn.com
swtor.com
tarantool.io
tcl.com
tclclouds.com
tclhome.com
tcljd.com
tdatamaster.com
techcrunch.com
teclast.com
tencent-cloud.com
tencent.com
tenor.com
tik-tokapi.com
tiktok-minis.com
tiktok-row.net
tiktok.com
tiktokcdn-eu.com
tiktokcdn-us.com
tiktokcdn.com
tiktokd.net
tiktokd.org
tiktokeu-cdn.com
tiktokglobalshopv.com
tiktokminis.us
tiktokrow-cdn.com
tiktokv.com
tiktokv.eu
tiktokv.us
tiktokw.eu
tiktokw.us
tmblr.com
tnt-ea.com
todesktop.com
trovo.live
ttvnw.net
ttwstatic.com
tumblr.com
tuya.com
tuyacloud.com
tuyaedge.com
tuyaeu.com
twinmotion.com
twitch-shadow.net
twitch.a2z.com
twitch.tv
twitchcdn-shadow.net
twitchcdn.net
twitchsvc.net
ubi.com
ubisoft.com
ubisoftconnect.com
ubuntu.com
uc.zone
ucloudcam.com
ufanet.tv
underlords.com
unrealengine.com
unrealtournament.com
uplay.com
userapi.com
valorant.com
valve.net
valvecdn.com
valvecontent.com
valvesoftware.com
valvesoftware.net
vasdgame.co
vasdgame.com
vibio.tv
vivoglobal.com
vivox.com
vk-apps.com
vk-cdn.me
vk-cdn.net
vk-portal.net
vk.cc
vk.com
vk.company
vk.design
vk.link
vk.me
vk.team
vkcache.com
vkclips.app
vkgo.app
vklive.app
vkmessenger.app
vkmessenger.com
vknext.net
vkuser.net
vkuseraudio.com
vkuseraudio.net
vkuserlive.net
vkuservideo.com
vkuservideo.net
voidboost.cc
voidboost.one
volces.com
wali.com
wellbia.com
wetest.net
whatbox.ca
windows.net
windowsupdate.com
wordpress.com
wp.com
wptavern.com
wws-gs2.com
xbox.com
xboxlive.com
xboxservices.com
xiaoaiassist.com
xiaomi-mijia.com
xiaomi.cn
xiaomi.com
xiaomi.net
xiaomicp.com
xiaomidns.cn
xiaomidns.com
xiaomidns.com.cn
xiaomidns.net
xiaomiev.com
xiaomifactory.com
xiaomiinc.cn
xiaomiinc.com
xiaomiinc.com.cn
xiaomiinc.net
xiaomimimo.com
xiaomimobile.com
xiaominr.com
xiaomiprint.com
xiaomisa.cn
xiaomisa.com
xiaomisa.net
xiaomisa.org
xiaomiwear.com
xiaomixiaoai.com
xiaomiyoupin.com
xn--80adxhks
xn--80asehdb
xn--80aswg
xn--d1acj3b
xn--p1acf
xn--p1ai
xsolla.com
yandex.com
yandex.net
yandex.org
yeelight.com
youla.io
youpin.cn
youpin.com.cn
yuanshen.com
z.ai
zenlesszonezero.com
zmifi.com
