127.0.0.1 localhost
::1 localhost ip6-localhost ip6-loopback
ff02::1 ip6-allnodes
ff02::2 ip6-allrouters

103.27.157.38 4pda.to 4pda.ws
103.27.157.38 new.abb.com
103.27.157.38 abercrombie.com
103.27.157.38 platform.activestate.com
77.239.114.0 adidas.com
103.27.157.38 adobe.com adobe.io adobe.net
77.239.114.0 affinity.studio
77.239.114.0 ai.com
77.239.114.0 aircanada.com
103.27.157.38 azwindows.ipv6.microsoft.com.akadns.net www.microsoft.com-c-3.edgekey.net.globalredir.akadns.net
103.27.157.38 a-vrv.akamaized.net a1961.g2.akamai.net a1968.i6g1.akamai.net e13678.dscb.akamaiedge.net
103.27.157.38 akc.org
103.27.157.38 dashboard.algolia.com
77.239.114.0 all3dp.com
77.239.114.0 alphacoders.com
77.239.114.0 alza.hu
103.27.157.38 amazfitwatchfaces.com
77.239.114.0 gaming.amazon.com notion-emojis.s3-us-west-2.amazonaws.com
103.27.157.38 amplitude.com
77.239.114.0 analog.com
103.27.157.38 andrevi.ch
77.239.114.0 ansys.com
103.27.157.38 anthropic.com api.anthropic.com auth.anthropic.com console.anthropic.com
103.27.157.38 support.anydesk.com
77.239.114.0 arc.net
77.239.114.0 web.archive.org
77.239.114.0 arduino.cc
77.239.114.0 atlassian.com
103.27.157.38 att.com
103.27.157.38 w.atwiki.jp
77.239.114.0 augmentcode.com
103.27.157.38 cdn.auth0.com
77.239.114.0 accounts.autodesk.com autodesk.com www.autodesk.com
77.239.114.0 production-openaicom-storage.azureedge.net
77.239.114.0 tmdb-image-prod.b-cdn.net
103.27.157.38 bell-sw.com
77.239.114.0 bestbuy.com
103.27.157.38 edgeservices.bing.com rewards.bing.com sydney.bing.com
77.239.114.0 bitdefender.com
77.239.114.0 bitnami.com
77.239.114.0 exchanger.bits.media
77.239.114.0 blinkshot.io
103.27.157.38 bosch.com boschaftermarket.com boschautoparts.com
77.239.114.0 ai-chat.bsg.brave.com
77.239.114.0 brawlstarsgame.com game-assets.brawlstarsgame.com game.brawlstarsgame.com
103.27.157.38 access.broadcom.com broadcom.com knowledge.broadcom.com profile.broadcom.com support.broadcom.com
77.239.114.0 broncosportforum.com
103.27.157.38 btod.com
103.27.157.38 buanzo.org
103.27.157.38 buf.build
103.27.157.38 buymeacoffee.com
103.27.157.38 home.by.me
77.239.114.0 canva.com canva.dev content-management-files.canva.com static.canva.com www.canva.com
103.27.157.38 capacitorjs.com
77.239.114.0 carrefouruae.com
103.27.157.38 cats.com
103.27.157.38 scontent-hel3-1.cdninstagram.com scontent.cdninstagram.com static.cdninstagram.com
77.239.114.0 cdromance.org
77.239.114.0 cdw.com
103.27.157.38 chainreactioncycles.com
77.239.114.0 chaos.com
77.239.114.0 ab.chatgpt.com chat.com chatgpt.com operator.chatgpt.com sora.chatgpt.com webrtc.chatgpt.com
103.27.157.38 cisco.com
77.239.114.0 cisecurity.org
103.27.157.38 citrix.com
77.239.114.0 clamav.net
77.239.114.0 clashofclans.com game-assets.clashofclans.com gamea.clashofclans.com
77.239.114.0 clashroyaleapp.com game-assets.clashroyaleapp.com game.clashroyaleapp.com
77.239.114.0 a.claude.ai claude.ai claude.com platform.claude.com
77.239.114.0 clevelandclinic.org
103.27.157.38 clickup.com
103.27.157.38 data.cline.bot
103.27.157.38 chat.openai.com.cdn.cloudflare.net
77.239.114.0 codeium.com inference.codeium.com server.codeium.com unleash.codeium.com web-backend.codeium.com windsurf-stable.codeium.com windsurf-telemetry.codeium.com
77.239.114.0 coingate.com
77.239.114.0 contabo.com
103.27.157.38 corsair.com www3.corsair.com
77.239.114.0 cpu-monkey.com
103.27.157.38 credly.com
103.27.157.38 backend-v2.crixet.com
103.27.157.38 crunchyroll.com vod-fy.crunchyrollcdn.com
77.239.114.0 cvedetails.com
77.239.114.0 daemon-tools.cc
77.239.114.0 api-free.deepl.com auth.deepl.com backend.deepl.com checkout.www.deepl.com clearance.deepl.com deepl.com dict.deepl.com errortracking.deepl.com experimentation-grpc.deepl.com experimentation.deepl.com gtm.deepl.com ita-free.app.deepl.com ita-free.www.deepl.com login-wall.deepl.com oneshot-free.www.deepl.com ott.deepl.com s.deepl.com shield.deepl.com voice-proxy.www.deepl.com w.deepl.com write-free.www.deepl.com www.deepl.com www2.deepl.com
103.27.157.38 deezer.com payment.deezer.com www.deezer.com
103.27.157.38 afcs.dellcdn.com dds.dell.com dell.com dellcdn.com i.dell.com nexus.dell.com www.dell.com
103.27.157.38 devexpress.com
77.239.114.0 diabrowser.com
103.27.157.38 digitalcontent.sky
103.27.157.38 disctech.com
77.239.114.0 disneyplus.com
77.239.114.0 document360.com document360.io
77.239.114.0 ducati.com
103.27.157.38 dyson.com www.dyson.com www.dyson.fr
103.27.157.38 dzcdn.net
103.27.157.38 easydmarc.com
103.27.157.38 www.microsoft.com-c-3.edgekey.net
103.27.157.38 editorx.com
103.27.157.38 api.elevenlabs.io api.us.elevenlabs.io elevenlabs.io help.elevenlabs.io
77.239.114.0 elevenreader.io
77.239.114.0 www.elgato.com
103.27.157.38 eneba.com
103.27.157.38 etsy.com
77.239.114.0 expandrive.com
77.239.114.0 extremetech.com
103.27.157.38 f1.com
77.239.114.0 facebook.com www.facebook.com z-p42-chat-e2ee-ig.facebook.com
77.239.114.0 fast.com
77.239.114.0 fb.com
103.27.157.38 scontent-hel3-1.xx.fbcdn.net scontent.xx.fbcdn.net static.xx.fbcdn.net
103.27.157.38 fbsbx.com
103.27.157.38 filebin.net
77.239.114.0 api.fitbit.com
103.27.157.38 fivetran.com
103.27.157.38 flir.com flir.eu
77.239.114.0 flourish.studio
103.27.157.38 fluke.com flukenetworks.com
77.239.114.0 flyertalk.com
103.27.157.38 global.fncstatic.com
103.27.157.38 force-user-content.com force.com
103.27.157.38 formula1.com
77.239.114.0 framer.com
77.239.114.0 freeimages.com
103.27.157.38 fxnetworks.com
77.239.114.0 g2a.com
103.27.157.38 shop.gameloft.com
77.239.114.0 gamestop.com
103.27.157.38 geforcenow.com
103.27.157.38 genspark.ai
77.239.114.0 getoutline.com
103.27.157.38 gfn.am
103.27.157.38 code.gist.build
103.27.157.38 dashboard.gitguardian.com
77.239.114.0 api.github.com api.individual.githubcopilot.com avatars.githubusercontent.com gist.githubusercontent.com githubusercontent.com private-user-images.githubusercontent.com proxy.individual.githubcopilot.com raw.githubusercontent.com release-assets.githubusercontent.com
103.27.157.38 glpals.com
103.27.157.38 gofund.me gofundme.com
103.27.157.38 gonift.com
103.27.157.38 aisandbox-pa.googleapis.com aistudio.google.com alkalimakersuite-pa.clients6.google.com assistant-s3-pa.googleapis.com fitbit-pa.googleapis.com fitbit.google.com fitbitvestibuleshim-pa.googleapis.com gemini.google.com generativelanguage.googleapis.com jules.google.com labs.google.com lookerstudio.google.com news.google.com notebooklm.google.com proactivebackend-pa.googleapis.com robinfrontend-pa.googleapis.com suggestqueries.google.com webchannel-alkalimakersuite-pa.clients6.google.com
103.27.157.38 gpsonextra.net
77.239.114.0 gpu-monkey.com
77.239.114.0 grafana.com
103.27.157.38 graylog.org
77.239.114.0 grizzlysms.com
103.27.157.38 assets.grok.com grok.com
103.27.157.38 groq.com
77.239.114.0 groupon.com
77.239.114.0 guidedhacking.com
103.27.157.38 guilded.gg www.guilded.gg
103.27.157.38 habr.com
103.27.157.38 hashicorp.com
77.239.114.0 haydaygame.com
103.27.157.38 hbomax.com
103.27.157.38 hc-ping.com
77.239.114.0 hchk.io
77.239.114.0 healthline.com
77.239.114.0 assets.heroku.com herokucdn.com
77.239.114.0 hollisterco.com
103.27.157.38 home-connect.com
103.27.157.38 hostinger.com
103.27.157.38 hotels.com
103.27.157.38 housebrand.com
77.239.114.0 htmhell.dev
77.239.114.0 httptoolkit.com
103.27.157.38 hume.ai
77.239.114.0 hybrid-analysis.com
77.239.114.0 ibm.com
103.27.157.38 ghostrc.game.idtech.services
77.239.114.0 iherb.com
77.239.114.0 ikea.com
77.239.114.0 api.imgur.com imgur.com
103.27.157.38 indeed.com
77.239.114.0 api.instagram.com b.i.instagram.com edge-chat.instagram.com graph.instagram.com help.instagram.com i.instagram.com instagram.com www.instagram.com
103.27.157.38 intel.com intel.de intel.nl www.intel.com www.intel.de
103.27.157.38 downloads.intercomcdn.com intercom.io
103.27.157.38 intuit.com intuitibits.com
103.27.157.38 itninja.com
77.239.114.0 jamf.com
77.239.114.0 account.jetbrains.com api.jetbrains.ai datalore.jetbrains.com download.jetbrains.com jetbrains.com jetbrains.space plugins.jetbrains.com
103.27.157.38 joesandbox.com
103.27.157.38 kaleido.ai
77.239.114.0 keysight.com
103.27.157.38 kinogo.la
103.27.157.38 klarna.com
77.239.114.0 kmail-lists.com
77.239.114.0 labs.google
103.27.157.38 lambdalabs.com
103.27.157.38 langdock.com
77.239.114.0 last.fm
77.239.114.0 ldoceonline.com
77.239.114.0 legalshield.com
77.239.114.0 lgeapi.com
103.27.157.38 lgthinq.com
77.239.114.0 lidarr.audio
77.239.114.0 lifehacker.com
77.239.114.0 lightning.ai
77.239.114.0 client-api.linear.app constellation.linear.app linear.app public.linear.app s.linear.app static.linear.app uploads.linear.app
103.27.157.38 docs.liquibase.com
77.239.114.0 lyst.com
77.239.114.0 mailerlite.com
77.239.114.0 mailinator.com
77.239.114.0 test.dns.malw.link
77.239.114.0 api.manus.im files.manus.cdn manus.im
103.27.157.38 manybooks.net
103.27.157.38 marvelsnap.com
77.239.114.0 mattermost.com
77.239.114.0 max.com
103.27.157.38 data-cdn.mbamupdates.com
77.239.114.0 api16-normal-alisg.mchost.guru trae-api-sg.mchost.guru
103.27.157.38 medicalnewstoday.com
77.239.114.0 meetup.com
103.27.157.38 metopera.org
103.27.157.38 copilot.microsoft.com designer.microsoft.com win1910.ipv6.microsoft.com
77.239.114.0 middlewareinventory.com
77.239.114.0 mintmobile.com
103.27.157.38 mixcloud.com
77.239.114.0 game.mocogame.com
77.239.114.0 mongodb.com
77.239.114.0 monoprice.com
103.27.157.38 mouser.com mouser.fi
77.239.114.0 ntp.msn.com
77.239.114.0 mssg.me
77.239.114.0 multisim.com
103.27.157.38 myheritage.com
77.239.114.0 myjetbrains.com
77.239.114.0 myparallels.com
77.239.114.0 myqrcode.com
103.27.157.38 lkfl2.nalog.ru lknpd.nalog.ru nalog.ru
103.27.157.38 nba.com
77.239.114.0 neo4j.com
77.239.114.0 netacad.com
77.239.114.0 netapp.com
77.239.114.0 netflix.ca netflix.com netflix.net netflixinvestor.com netflixtechblog.com
77.239.114.0 forum.netgate.com
103.27.157.38 netlify.com
77.239.114.0 newark.com
77.239.114.0 nfl.com
103.27.157.38 nflxext.com
103.27.157.38 nflximg.com nflximg.net
77.239.114.0 nflxsearch.net
77.239.114.0 nflxso.net
103.27.157.38 nflxvideo.net
103.27.157.38 connect.ngrok-agent.com ngrok.com
103.27.157.38 ni.com
103.27.157.38 nike.com
77.239.114.0 nitropdf.com
77.239.114.0 nordaccount.com
77.239.114.0 nordcdn.com
103.27.157.38 nordvpn.com
103.27.157.38 notebooklm.google
77.239.114.0 calendar.notion.so notion-static.com notion.com notion.new notion.site notion.so www.notion.so
77.239.114.0 ntc.party
103.27.157.38 developer.nvidia.com install.launcher.omniverse.nvidia.com
77.239.114.0 nxp.com
103.27.157.38 cdn.oaistatic.com oaistatic.com
103.27.157.38 files.oaiusercontent.com oaiusercontent.com
103.27.157.38 ocstore.com
103.27.157.38 octopus.do
77.239.114.0 download3.omnissa.com omnissa.com
77.239.114.0 geolocation.onetrust.com
77.239.114.0 onfastspring.com
77.239.114.0 onshape.com
77.239.114.0 android.chat.openai.com api.openai.com auth.openai.com auth0.openai.com cdn.platform.openai.com developers.openai.com ios.chat.openai.com openai.com platform.openai.com tcr9i.chat.openai.com videos.openai.com
77.239.114.0 tracker.openbittorrent.com
77.239.114.0 openh264.org
103.27.157.38 openrouter.ai
103.27.157.38 clip.opus.pro
77.239.114.0 oracle.com oraclecloud.com
77.239.114.0 paddle.com paddlestatus.com
77.239.114.0 pandasecurity.com
77.239.114.0 parallels.cn parallels.com parallels.net parallelsaccess.com
77.239.114.0 paritydeals.com
77.239.114.0 builds.parsec.app public.parsec.app
77.239.114.0 patreon.com www.patreon.com
77.239.114.0 pcgamesn.com
77.239.114.0 pcmag.com
77.239.114.0 penguin.com penguinrandomhouse.com
103.27.157.38 pexels.com
103.27.157.38 philiascans.org
77.239.114.0 pingdom.com
77.239.114.0 o.pki.goog
103.27.157.38 plugshare.com
77.239.114.0 newsroom.porsche.com
103.27.157.38 eu.posthog.com posthog.com us.posthog.com
103.27.157.38 premierleague.com
77.239.114.0 primark.com
77.239.114.0 primevideo.com
77.239.114.0 profitwell.com
103.27.157.38 prowlarr.com
103.27.157.38 footballapi.pulselive.com
77.239.114.0 frontend-api-v3.pump.fun images.pump.fun pump.fun swap-api.pump.fun
77.239.114.0 qodana.cloud
103.27.157.38 qoder.com
103.27.157.38 qt.io
103.27.157.38 qualcomm.com
77.239.114.0 anthropic.qualtrics.com
103.27.157.38 quicknode.com
77.239.114.0 qwant.com www.qwant.com
103.27.157.38 reactflow.dev
103.27.157.38 recraft.ai
103.27.157.38 redis.io redislabs.com
103.27.157.38 remna.st
77.239.114.0 remove.bg
103.27.157.38 research.net
77.239.114.0 reve.art
77.239.114.0 lib.rus.ec rus.ec www.lib.rus.ec
77.239.114.0 d.rutor.info rutor.info
103.27.157.38 salesforce-experience.com salesforce-hub.com salesforce-scrt.com salesforce-setup.com salesforce-sites.com salesforce.com salesforceiq.com salesforceliveagent.com
77.239.114.0 accounts.scdn.co encore.scdn.co www-growth.scdn.co
103.27.157.38 schneider-electric.com
77.239.114.0 sdxcentral.com
77.239.114.0 se.com
77.239.114.0 seconddinnertech.com
103.27.157.38 semrush.com
103.27.157.38 sentry.dev sentry.io
77.239.114.0 sephora.com
103.27.157.38 servarr.com
103.27.157.38 sfdcopens.com
103.27.157.38 shinyhardware.co.uk
103.27.157.38 singlekey-id.com
103.27.157.38 site.com siteground.com
103.27.157.38 sketchup.com
103.27.157.38 sky.com
77.239.114.0 skycdp.com
103.27.157.38 smartbear.co smartbear.com
77.239.114.0 smartdeploy.com
77.239.114.0 snapgametech.com
103.27.157.38 snapgene.com
77.239.114.0 snort.org
103.27.157.38 snyk.io
77.239.114.0 solarwinds.com
77.239.114.0 sonara.ai
77.239.114.0 community.sophos.com intelix.sophos.com
77.239.114.0 sora.com
103.27.157.38 spacelift.io
77.239.114.0 spiceworks.com
77.239.114.0 spitfireaudio.com
103.27.157.38 accounts.spotify.com aet.spotify.com ap-gew1.spotify.com api-partner.spotify.com api.spotify.com appresolve.spotify.com gew1-dealer.spotify.com gew1-spclient.spotify.com login.app.spotify.com login5.spotify.com open-exp.spotifycdn.com open.spotify.com spclient.wg.spotify.com spotify.com spotifycdn.com www.spotify.com xpui.app.spotify.com
77.239.114.0 game.squadbustersgame.com squadbustersgame.com
77.239.114.0 api-global.squareup.com api.squareup.com squareup.com
103.27.157.38 strava.com
77.239.114.0 streamable.com
103.27.157.38 accounts.supercell.com cdn.id.supercell.com clashofclans.inbox.supercell.com security.id.supercell.com store.supercell.com supercell.com
103.27.157.38 surveymonkey.com
77.239.114.0 swagger.io
103.27.157.38 swapd.co
77.239.114.0 synoforum.com
77.239.114.0 t.me
77.239.114.0 tableau.com
77.239.114.0 controlplane.tailscale.com pkgs.tailscale.com
77.239.114.0 talosintelligence.com
103.27.157.38 teamviewer.com
103.27.157.38 techbargains.com
103.27.157.38 api.telegram.org core.telegram.org flora.web.telegram.org kws1-1.web.telegram.org kws1.web.telegram.org kws2-1.web.telegram.org kws2.web.telegram.org kws4-1.web.telegram.org kws4.web.telegram.org kws5-1.web.telegram.org kws5.web.telegram.org pluto-1.web.telegram.org pluto.web.telegram.org td.telegram.org telegram.dog telegram.me telegram.org telegram.space venus.web.telegram.org web.telegram.org zws1-1.web.telegram.org zws1.web.telegram.org zws2-1.web.telegram.org zws2.web.telegram.org zws4-1.web.telegram.org zws5-1.web.telegram.org zws5.web.telegram.org
77.239.114.0 telemetr.io
103.27.157.38 telesco.pe
103.27.157.38 tempmail.plus
77.239.114.0 terraform.io
103.27.157.38 tg.dev
103.27.157.38 theaudiodb.com
103.27.157.38 api.themoviedb.org themoviedb.org
103.27.157.38 ti.com
77.239.114.0 api.tidal.com auth.tidal.com dd.tidal.com fsu.fa.tidal.com images.tidal.com link.tidal.com listen.tidal.com login.tidal.com resources.tidal.com tidal.com
77.239.114.0 www.tiktok.com
77.239.114.0 timberland.de
103.27.157.38 image.tmdb.org tmdb.com tmdb.org
103.27.157.38 toolbox.app
103.27.157.38 torrenteditor.com
77.239.114.0 api-sg-central.trae.ai api.trae.ai trae.ai
103.27.157.38 ncsi-geo.trafficmanager.net ncsiv6-geo.trafficmanager.net
77.239.114.0 trailblazer.me
77.239.114.0 trailhead.com
103.27.157.38 transferwise.com
77.239.114.0 tria.ge
77.239.114.0 static-assets-1.truthsocial.com truthsocial.com
103.27.157.38 tsmc.com
103.27.157.38 usher.ttvnw.net
77.239.114.0 tutanota.com
103.27.157.38 gql.twitch.tv
103.27.157.38 typing.com
103.27.157.38 uaudio.com
103.27.157.38 uizard.io
103.27.157.38 unscreen.com
77.239.114.0 upwork.com
77.239.114.0 vagrantcloud.com
77.239.114.0 veeam.com
103.27.157.38 verificationacademy.com
77.239.114.0 vmware.com
103.27.157.38 volkswagen-classic-parts.com
77.239.114.0 v.vrv.co
103.27.157.38 vyos.io
77.239.114.0 walmart.com
77.239.114.0 watchguard.com
77.239.114.0 watermarkremover.io
103.27.157.38 wbagora.com
77.239.114.0 wbgames.com
77.239.114.0 upsx.weather.com weather.com
77.239.114.0 cdn.web-platform.io
77.239.114.0 webnames.ca
77.239.114.0 weebly.com
103.27.157.38 wetransfer.com
103.27.157.38 widgetapp.stream
103.27.157.38 wikidot.com
77.239.114.0 marketplace.windsurf.com windsurf.com
77.239.114.0 wise.com
103.27.157.38 aitestkitchen.withgoogle.com stitch.withgoogle.com
103.27.157.38 miracleptr.wordpress.com
103.27.157.38 wpengine.com
77.239.114.0 wunderground.com
77.239.114.0 accounts.x.ai grok.x.com x-minus.pro x.ai
103.27.157.38 xbox.com xboxdesignlab.xbox.com xgpuweb.gssv-play-prod.xboxlive.com xgpuwebf2p.gssv-play-prod.xboxlive.com xsts.auth.xboxlive.com
77.239.114.0 support.xerox.com
103.27.157.38 xiaomi.eu
77.239.114.0 xrite.com
77.239.114.0 xtracloud.net
103.27.157.38 yeggi.com
77.239.114.0 youtrack.cloud
103.27.157.38 zapier.com
103.27.157.38 zedge.net
77.239.114.0 app.zerossl.com
