77.239.114.0 console.anthropic.com api.anthropic.com
77.239.114.0 web.archive.org
77.239.114.0 accounts.autodesk.com www.autodesk.com
77.239.114.0 edgeservices.bing.com rewards.bing.com
77.239.114.0 game.brawlstarsgame.com game-assets.brawlstarsgame.com
77.239.114.0 profile.broadcom.com
77.239.114.0 www.canva.com content-management-files.canva.com static.canva.com
77.239.114.0 chatgpt.com ab.chatgpt.com webrtc.chatgpt.com operator.chatgpt.com sora.chatgpt.com
77.239.114.0 gamea.clashofclans.com game-assets.clashofclans.com
77.239.114.0 game.clashroyaleapp.com game-assets.clashroyaleapp.com
77.239.114.0 claude.ai platform.claude.com a.claude.ai
77.239.114.0 codeium.com server.codeium.com web-backend.codeium.com unleash.codeium.com inference.codeium.com windsurf-stable.codeium.com windsurf-telemetry.codeium.com
77.239.114.0 deepl.com www.deepl.com www2.deepl.com login-wall.deepl.com w.deepl.com s.deepl.com dict.deepl.com ita-free.www.deepl.com write-free.www.deepl.com experimentation.deepl.com experimentation-grpc.deepl.com ita-free.app.deepl.com shield.deepl.com ott.deepl.com api-free.deepl.com backend.deepl.com clearance.deepl.com errortracking.deepl.com auth.deepl.com oneshot-free.www.deepl.com checkout.www.deepl.com gtm.deepl.com voice-proxy.www.deepl.com
77.239.114.0 deezer.com www.deezer.com payment.deezer.com
77.239.114.0 www.dell.com
77.239.114.0 dyson.com
77.239.114.0 elevenlabs.io api.us.elevenlabs.io api.elevenlabs.io help.elevenlabs.io
77.239.114.0 elevenreader.io
77.239.114.0 www.elgato.com
77.239.114.0 z-p42-chat-e2ee-ig.facebook.com
77.239.114.0 api.fitbit.com
77.239.114.0 framer.com
77.239.114.0 api.github.com
77.239.114.0 api.individual.githubcopilot.com proxy.individual.githubcopilot.com
77.239.114.0 fitbit.google.com gemini.google.com aistudio.google.com webchannel-alkalimakersuite-pa.clients6.google.com alkalimakersuite-pa.clients6.google.com notebooklm.google.com jules.google.com
77.239.114.0 fitbit-pa.googleapis.com fitbitvestibuleshim-pa.googleapis.com generativelanguage.googleapis.com aisandbox-pa.googleapis.com assistant-s3-pa.googleapis.com proactivebackend-pa.googleapis.com robinfrontend-pa.googleapis.com
77.239.114.0 grok.com assets.grok.com
77.239.114.0 guidedhacking.com
77.239.114.0 api.imgur.com
77.239.114.0 instagram.com www.instagram.com b.i.instagram.com help.instagram.com
77.239.114.0 www.intel.com
77.239.114.0 datalore.jetbrains.com plugins.jetbrains.com download.jetbrains.com api.jetbrains.ai account.jetbrains.com
77.239.114.0 labs.google
77.239.114.0 linear.app client-api.linear.app static.linear.app constellation.linear.app uploads.linear.app public.linear.app s.linear.app
77.239.114.0 test.dns.malw.link
77.239.114.0 manus.im api.manus.im
77.239.114.0 trae-api-sg.mchost.guru api16-normal-alisg.mchost.guru
77.239.114.0 copilot.microsoft.com
77.239.114.0 game.mocogame.com
77.239.114.0 www.notion.so calendar.notion.so
77.239.114.0 ntc.party
77.239.114.0 developer.nvidia.com
77.239.114.0 cdn.oaistatic.com
77.239.114.0 files.oaiusercontent.com
77.239.114.0 geolocation.onetrust.com
77.239.114.0 auth.openai.com auth0.openai.com platform.openai.com tcr9i.chat.openai.com android.chat.openai.com api.openai.com videos.openai.com ios.chat.openai.com cdn.platform.openai.com developers.openai.com
77.239.114.0 tracker.openbittorrent.com
77.239.114.0 builds.parsec.app
77.239.114.0 patreon.com www.patreon.com
77.239.114.0 o.pki.goog
77.239.114.0 pump.fun frontend-api-v3.pump.fun images.pump.fun swap-api.pump.fun
77.239.114.0 www.qwant.com
77.239.114.0 d.rutor.info
77.239.114.0 encore.scdn.co accounts.scdn.co www-growth.scdn.co
77.239.114.0 sora.com
77.239.114.0 api.spotify.com login5.spotify.com gew1-spclient.spotify.com spclient.wg.spotify.com api-partner.spotify.com aet.spotify.com www.spotify.com accounts.spotify.com open.spotify.com gew1-dealer.spotify.com
77.239.114.0 game.squadbustersgame.com
77.239.114.0 api.squareup.com api-global.squareup.com
77.239.114.0 cdn.id.supercell.com security.id.supercell.com accounts.supercell.com clashofclans.inbox.supercell.com store.supercell.com
77.239.114.0 controlplane.tailscale.com
77.239.114.0 api.tidal.com listen.tidal.com login.tidal.com auth.tidal.com link.tidal.com dd.tidal.com resources.tidal.com images.tidal.com fsu.fa.tidal.com
77.239.114.0 www.tiktok.com
77.239.114.0 api.trae.ai api-sg-central.trae.ai
77.239.114.0 tria.ge
77.239.114.0 truthsocial.com static-assets-1.truthsocial.com
77.239.114.0 usher.ttvnw.net
77.239.114.0 gql.twitch.tv
77.239.114.0 weather.com upsx.weather.com
77.239.114.0 windsurf.com marketplace.windsurf.com
77.239.114.0 aitestkitchen.withgoogle.com stitch.withgoogle.com
77.239.114.0 accounts.x.ai
77.239.114.0 xsts.auth.xboxlive.com xgpuwebf2p.gssv-play-prod.xboxlive.com xgpuweb.gssv-play-prod.xboxlive.com
