77.239.114.0 4pda.to 4pda.ws
77.239.114.0 new.abb.com
77.239.114.0 abercrombie.com
77.239.114.0 platform.activestate.com
77.239.114.0 adidas.com
77.239.114.0 adobe.com adobe.io adobe.net
77.239.114.0 affinity.studio
77.239.114.0 ai.com
77.239.114.0 aircanada.com
77.239.114.0 azwindows.ipv6.microsoft.com.akadns.net www.microsoft.com-c-3.edgekey.net.globalredir.akadns.net
77.239.114.0 a-vrv.akamaized.net a1961.g2.akamai.net a1968.i6g1.akamai.net e13678.dscb.akamaiedge.net
77.239.114.0 akc.org
77.239.114.0 dashboard.algolia.com
77.239.114.0 all3dp.com
77.239.114.0 alphacoders.com
77.239.114.0 alza.hu
77.239.114.0 amazfitwatchfaces.com
77.239.114.0 gaming.amazon.com notion-emojis.s3-us-west-2.amazonaws.com
77.239.114.0 amplitude.com
77.239.114.0 analog.com
77.239.114.0 andrevi.ch
77.239.114.0 ansys.com
77.239.114.0 anthropic.com api.anthropic.com auth.anthropic.com console.anthropic.com
77.239.114.0 support.anydesk.com
77.239.114.0 arc.net
77.239.114.0 web.archive.org
77.239.114.0 arduino.cc
77.239.114.0 atlassian.com
77.239.114.0 att.com
77.239.114.0 w.atwiki.jp
77.239.114.0 augmentcode.com
77.239.114.0 cdn.auth0.com
77.239.114.0 accounts.autodesk.com autodesk.com www.autodesk.com
77.239.114.0 production-openaicom-storage.azureedge.net
77.239.114.0 tmdb-image-prod.b-cdn.net
77.239.114.0 bell-sw.com
77.239.114.0 bestbuy.com
77.239.114.0 edgeservices.bing.com rewards.bing.com sydney.bing.com
77.239.114.0 bitdefender.com
77.239.114.0 bitnami.com
77.239.114.0 exchanger.bits.media
77.239.114.0 blinkshot.io
77.239.114.0 bosch.com boschaftermarket.com boschautoparts.com
77.239.114.0 ai-chat.bsg.brave.com
77.239.114.0 brawlstarsgame.com game-assets.brawlstarsgame.com game.brawlstarsgame.com
77.239.114.0 access.broadcom.com broadcom.com knowledge.broadcom.com profile.broadcom.com support.broadcom.com
77.239.114.0 broncosportforum.com
77.239.114.0 btod.com
77.239.114.0 buanzo.org
77.239.114.0 buf.build
77.239.114.0 buymeacoffee.com
77.239.114.0 home.by.me
77.239.114.0 canva.com canva.dev content-management-files.canva.com static.canva.com www.canva.com
77.239.114.0 capacitorjs.com
77.239.114.0 carrefouruae.com
77.239.114.0 cats.com
77.239.114.0 scontent-hel3-1.cdninstagram.com scontent.cdninstagram.com static.cdninstagram.com
77.239.114.0 cdromance.org
77.239.114.0 cdw.com
77.239.114.0 chainreactioncycles.com
77.239.114.0 chaos.com
77.239.114.0 ab.chatgpt.com chat.com chatgpt.com operator.chatgpt.com sora.chatgpt.com webrtc.chatgpt.com
77.239.114.0 cisco.com
77.239.114.0 cisecurity.org
77.239.114.0 citrix.com
77.239.114.0 clamav.net
77.239.114.0 clashofclans.com game-assets.clashofclans.com gamea.clashofclans.com
77.239.114.0 clashroyaleapp.com game-assets.clashroyaleapp.com game.clashroyaleapp.com
77.239.114.0 a.claude.ai claude.ai claude.com platform.claude.com
77.239.114.0 clevelandclinic.org
77.239.114.0 clickup.com
77.239.114.0 data.cline.bot
77.239.114.0 chat.openai.com.cdn.cloudflare.net
77.239.114.0 codeium.com inference.codeium.com server.codeium.com unleash.codeium.com web-backend.codeium.com windsurf-stable.codeium.com windsurf-telemetry.codeium.com
77.239.114.0 coingate.com
77.239.114.0 contabo.com
77.239.114.0 corsair.com www3.corsair.com
77.239.114.0 cpu-monkey.com
77.239.114.0 credly.com
77.239.114.0 backend-v2.crixet.com
77.239.114.0 crunchyroll.com vod-fy.crunchyrollcdn.com
77.239.114.0 cvedetails.com
77.239.114.0 daemon-tools.cc
77.239.114.0 api-free.deepl.com auth.deepl.com backend.deepl.com checkout.www.deepl.com clearance.deepl.com deepl.com dict.deepl.com errortracking.deepl.com experimentation-grpc.deepl.com experimentation.deepl.com gtm.deepl.com ita-free.app.deepl.com ita-free.www.deepl.com login-wall.deepl.com oneshot-free.www.deepl.com ott.deepl.com s.deepl.com shield.deepl.com voice-proxy.www.deepl.com w.deepl.com write-free.www.deepl.com www.deepl.com www2.deepl.com
77.239.114.0 deezer.com payment.deezer.com www.deezer.com
77.239.114.0 afcs.dellcdn.com dds.dell.com dell.com dellcdn.com i.dell.com nexus.dell.com www.dell.com
77.239.114.0 devexpress.com
77.239.114.0 diabrowser.com
77.239.114.0 digitalcontent.sky
77.239.114.0 disctech.com
77.239.114.0 disneyplus.com
77.239.114.0 document360.com document360.io
77.239.114.0 ducati.com
77.239.114.0 dyson.com www.dyson.com www.dyson.fr
77.239.114.0 dzcdn.net
77.239.114.0 easydmarc.com
77.239.114.0 www.microsoft.com-c-3.edgekey.net
77.239.114.0 editorx.com
77.239.114.0 api.elevenlabs.io api.us.elevenlabs.io elevenlabs.io help.elevenlabs.io
77.239.114.0 elevenreader.io
77.239.114.0 www.elgato.com
77.239.114.0 eneba.com
77.239.114.0 etsy.com
77.239.114.0 expandrive.com
77.239.114.0 extremetech.com
77.239.114.0 f1.com
77.239.114.0 facebook.com www.facebook.com z-p42-chat-e2ee-ig.facebook.com
77.239.114.0 fast.com
77.239.114.0 fb.com
77.239.114.0 scontent-hel3-1.xx.fbcdn.net scontent.xx.fbcdn.net static.xx.fbcdn.net
77.239.114.0 fbsbx.com
77.239.114.0 filebin.net
77.239.114.0 api.fitbit.com
77.239.114.0 fivetran.com
77.239.114.0 flir.com flir.eu
77.239.114.0 flourish.studio
77.239.114.0 fluke.com flukenetworks.com
77.239.114.0 flyertalk.com
77.239.114.0 global.fncstatic.com
77.239.114.0 force-user-content.com force.com
77.239.114.0 formula1.com
77.239.114.0 framer.com
77.239.114.0 freeimages.com
77.239.114.0 fxnetworks.com
77.239.114.0 g2a.com
77.239.114.0 shop.gameloft.com
77.239.114.0 gamestop.com
77.239.114.0 geforcenow.com
77.239.114.0 genspark.ai
77.239.114.0 getoutline.com
77.239.114.0 gfn.am
77.239.114.0 code.gist.build
77.239.114.0 dashboard.gitguardian.com
77.239.114.0 api.github.com api.individual.githubcopilot.com avatars.githubusercontent.com gist.githubusercontent.com private-user-images.githubusercontent.com proxy.individual.githubcopilot.com raw.githubusercontent.com release-assets.githubusercontent.com
77.239.114.0 glpals.com
77.239.114.0 gofund.me gofundme.com
77.239.114.0 gonift.com
77.239.114.0 aisandbox-pa.googleapis.com aistudio.google.com alkalimakersuite-pa.clients6.google.com assistant-s3-pa.googleapis.com fitbit-pa.googleapis.com fitbit.google.com fitbitvestibuleshim-pa.googleapis.com gemini.google.com generativelanguage.googleapis.com jules.google.com labs.google.com lookerstudio.google.com news.google.com notebooklm.google.com proactivebackend-pa.googleapis.com robinfrontend-pa.googleapis.com suggestqueries.google.com webchannel-alkalimakersuite-pa.clients6.google.com
77.239.114.0 gpsonextra.net
77.239.114.0 gpu-monkey.com
77.239.114.0 grafana.com
77.239.114.0 graylog.org
77.239.114.0 grizzlysms.com
77.239.114.0 assets.grok.com grok.com
77.239.114.0 groq.com
77.239.114.0 groupon.com
77.239.114.0 guidedhacking.com
77.239.114.0 guilded.gg www.guilded.gg
77.239.114.0 habr.com
77.239.114.0 hashicorp.com
77.239.114.0 haydaygame.com
77.239.114.0 hbomax.com
77.239.114.0 hc-ping.com
77.239.114.0 hchk.io
77.239.114.0 healthline.com
77.239.114.0 assets.heroku.com herokucdn.com
77.239.114.0 hollisterco.com
77.239.114.0 home-connect.com
77.239.114.0 hostinger.com
77.239.114.0 hotels.com
77.239.114.0 housebrand.com
77.239.114.0 htmhell.dev
77.239.114.0 httptoolkit.com
77.239.114.0 hume.ai
77.239.114.0 hybrid-analysis.com
77.239.114.0 ibm.com
77.239.114.0 ghostrc.game.idtech.services
77.239.114.0 iherb.com
77.239.114.0 ikea.com
77.239.114.0 api.imgur.com imgur.com
77.239.114.0 indeed.com
77.239.114.0 api.instagram.com b.i.instagram.com edge-chat.instagram.com graph.instagram.com help.instagram.com i.instagram.com instagram.com www.instagram.com
77.239.114.0 intel.com intel.de intel.nl www.intel.com www.intel.de
77.239.114.0 downloads.intercomcdn.com intercom.io
77.239.114.0 intuit.com intuitibits.com
77.239.114.0 itninja.com
77.239.114.0 jamf.com
77.239.114.0 account.jetbrains.com api.jetbrains.ai datalore.jetbrains.com download.jetbrains.com jetbrains.com jetbrains.space plugins.jetbrains.com
77.239.114.0 joesandbox.com
77.239.114.0 kaleido.ai
77.239.114.0 keysight.com
77.239.114.0 kinogo.la
77.239.114.0 klarna.com
77.239.114.0 kmail-lists.com
77.239.114.0 labs.google
77.239.114.0 lambdalabs.com
77.239.114.0 langdock.com
77.239.114.0 last.fm
77.239.114.0 ldoceonline.com
77.239.114.0 legalshield.com
77.239.114.0 lgeapi.com
77.239.114.0 lgthinq.com
77.239.114.0 lidarr.audio
77.239.114.0 lifehacker.com
77.239.114.0 lightning.ai
77.239.114.0 client-api.linear.app constellation.linear.app linear.app public.linear.app s.linear.app static.linear.app uploads.linear.app
77.239.114.0 docs.liquibase.com
77.239.114.0 lyst.com
77.239.114.0 mailerlite.com
77.239.114.0 mailinator.com
77.239.114.0 test.dns.malw.link
77.239.114.0 api.manus.im files.manus.cdn manus.im
77.239.114.0 manybooks.net
77.239.114.0 marvelsnap.com
77.239.114.0 mattermost.com
77.239.114.0 max.com
77.239.114.0 data-cdn.mbamupdates.com
77.239.114.0 api16-normal-alisg.mchost.guru trae-api-sg.mchost.guru
77.239.114.0 medicalnewstoday.com
77.239.114.0 meetup.com
77.239.114.0 metopera.org
77.239.114.0 copilot.microsoft.com designer.microsoft.com win1910.ipv6.microsoft.com
77.239.114.0 middlewareinventory.com
77.239.114.0 mintmobile.com
77.239.114.0 mixcloud.com
77.239.114.0 game.mocogame.com
77.239.114.0 mongodb.com
77.239.114.0 monoprice.com
77.239.114.0 mouser.com mouser.fi
77.239.114.0 ntp.msn.com
77.239.114.0 mssg.me
77.239.114.0 multisim.com
77.239.114.0 myheritage.com
77.239.114.0 myjetbrains.com
77.239.114.0 myparallels.com
77.239.114.0 myqrcode.com
77.239.114.0 lkfl2.nalog.ru lknpd.nalog.ru
77.239.114.0 nba.com
77.239.114.0 neo4j.com
77.239.114.0 netacad.com
77.239.114.0 netapp.com
77.239.114.0 netflix.ca netflix.com netflix.net netflixinvestor.com netflixtechblog.com
77.239.114.0 forum.netgate.com
77.239.114.0 netlify.com
77.239.114.0 newark.com
77.239.114.0 nfl.com
77.239.114.0 nflxext.com
77.239.114.0 nflximg.com nflximg.net
77.239.114.0 nflxsearch.net
77.239.114.0 nflxso.net
77.239.114.0 nflxvideo.net
77.239.114.0 connect.ngrok-agent.com ngrok.com
77.239.114.0 ni.com
77.239.114.0 nike.com
77.239.114.0 nitropdf.com
77.239.114.0 nordaccount.com
77.239.114.0 nordcdn.com
77.239.114.0 nordvpn.com
77.239.114.0 notebooklm.google
77.239.114.0 calendar.notion.so notion-static.com notion.com notion.new notion.site notion.so www.notion.so
77.239.114.0 ntc.party
77.239.114.0 developer.nvidia.com install.launcher.omniverse.nvidia.com
77.239.114.0 nxp.com
77.239.114.0 cdn.oaistatic.com oaistatic.com
77.239.114.0 files.oaiusercontent.com oaiusercontent.com
77.239.114.0 ocstore.com
77.239.114.0 octopus.do
77.239.114.0 download3.omnissa.com omnissa.com
77.239.114.0 geolocation.onetrust.com
77.239.114.0 onfastspring.com
77.239.114.0 onshape.com
77.239.114.0 android.chat.openai.com api.openai.com auth.openai.com auth0.openai.com cdn.platform.openai.com developers.openai.com ios.chat.openai.com openai.com platform.openai.com tcr9i.chat.openai.com videos.openai.com
77.239.114.0 tracker.openbittorrent.com
77.239.114.0 openh264.org
77.239.114.0 openrouter.ai
77.239.114.0 clip.opus.pro
77.239.114.0 oracle.com oraclecloud.com
77.239.114.0 paddle.com paddlestatus.com
77.239.114.0 pandasecurity.com
77.239.114.0 parallels.cn parallels.com parallels.net parallelsaccess.com
77.239.114.0 paritydeals.com
77.239.114.0 builds.parsec.app public.parsec.app
77.239.114.0 patreon.com www.patreon.com
77.239.114.0 pcgamesn.com
77.239.114.0 pcmag.com
77.239.114.0 penguin.com penguinrandomhouse.com
77.239.114.0 pexels.com
77.239.114.0 philiascans.org
77.239.114.0 pingdom.com
77.239.114.0 o.pki.goog
77.239.114.0 plugshare.com
77.239.114.0 newsroom.porsche.com
77.239.114.0 eu.posthog.com posthog.com us.posthog.com
77.239.114.0 premierleague.com
77.239.114.0 primark.com
77.239.114.0 primevideo.com
77.239.114.0 profitwell.com
77.239.114.0 prowlarr.com
77.239.114.0 footballapi.pulselive.com
77.239.114.0 frontend-api-v3.pump.fun images.pump.fun pump.fun swap-api.pump.fun
77.239.114.0 qodana.cloud
77.239.114.0 qoder.com
77.239.114.0 qt.io
77.239.114.0 qualcomm.com
77.239.114.0 anthropic.qualtrics.com
77.239.114.0 quicknode.com
77.239.114.0 qwant.com www.qwant.com
77.239.114.0 reactflow.dev
77.239.114.0 recraft.ai
77.239.114.0 redis.io redislabs.com
77.239.114.0 remna.st
77.239.114.0 remove.bg
77.239.114.0 research.net
77.239.114.0 reve.art
77.239.114.0 lib.rus.ec www.lib.rus.ec
77.239.114.0 d.rutor.info rutor.info
77.239.114.0 salesforce-experience.com salesforce-hub.com salesforce-scrt.com salesforce-setup.com salesforce-sites.com salesforce.com salesforceiq.com salesforceliveagent.com
77.239.114.0 accounts.scdn.co encore.scdn.co www-growth.scdn.co
77.239.114.0 schneider-electric.com
77.239.114.0 sdxcentral.com
77.239.114.0 se.com
77.239.114.0 seconddinnertech.com
77.239.114.0 semrush.com
77.239.114.0 sentry.dev sentry.io
77.239.114.0 sephora.com
77.239.114.0 servarr.com
77.239.114.0 sfdcopens.com
77.239.114.0 shinyhardware.co.uk
77.239.114.0 singlekey-id.com
77.239.114.0 site.com siteground.com
77.239.114.0 sketchup.com
77.239.114.0 sky.com
77.239.114.0 skycdp.com
77.239.114.0 smartbear.co smartbear.com
77.239.114.0 smartdeploy.com
77.239.114.0 snapgametech.com
77.239.114.0 snapgene.com
77.239.114.0 snort.org
77.239.114.0 snyk.io
77.239.114.0 solarwinds.com
77.239.114.0 sonara.ai
77.239.114.0 community.sophos.com intelix.sophos.com
77.239.114.0 sora.com
77.239.114.0 spacelift.io
77.239.114.0 spiceworks.com
77.239.114.0 spitfireaudio.com
77.239.114.0 accounts.spotify.com aet.spotify.com ap-gew1.spotify.com api-partner.spotify.com api.spotify.com appresolve.spotify.com gew1-dealer.spotify.com gew1-spclient.spotify.com login.app.spotify.com login5.spotify.com open-exp.spotifycdn.com open.spotify.com spclient.wg.spotify.com spotify.com www.spotify.com xpui.app.spotify.com
77.239.114.0 game.squadbustersgame.com squadbustersgame.com
77.239.114.0 api-global.squareup.com api.squareup.com squareup.com
77.239.114.0 strava.com
77.239.114.0 streamable.com
77.239.114.0 accounts.supercell.com cdn.id.supercell.com clashofclans.inbox.supercell.com security.id.supercell.com store.supercell.com supercell.com
77.239.114.0 surveymonkey.com
77.239.114.0 swagger.io
77.239.114.0 swapd.co
77.239.114.0 synoforum.com
77.239.114.0 t.me
77.239.114.0 tableau.com
77.239.114.0 controlplane.tailscale.com pkgs.tailscale.com
77.239.114.0 talosintelligence.com
77.239.114.0 teamviewer.com
77.239.114.0 techbargains.com
77.239.114.0 api.telegram.org core.telegram.org flora.web.telegram.org kws1-1.web.telegram.org kws1.web.telegram.org kws2-1.web.telegram.org kws2.web.telegram.org kws4-1.web.telegram.org kws4.web.telegram.org kws5-1.web.telegram.org kws5.web.telegram.org pluto-1.web.telegram.org pluto.web.telegram.org td.telegram.org telegram.dog telegram.me telegram.org telegram.space venus.web.telegram.org web.telegram.org zws1-1.web.telegram.org zws1.web.telegram.org zws2-1.web.telegram.org zws2.web.telegram.org zws4-1.web.telegram.org zws5-1.web.telegram.org zws5.web.telegram.org
77.239.114.0 telemetr.io
77.239.114.0 telesco.pe
77.239.114.0 tempmail.plus
77.239.114.0 terraform.io
77.239.114.0 tg.dev
77.239.114.0 theaudiodb.com
77.239.114.0 api.themoviedb.org themoviedb.org
77.239.114.0 ti.com
77.239.114.0 api.tidal.com auth.tidal.com dd.tidal.com fsu.fa.tidal.com images.tidal.com link.tidal.com listen.tidal.com login.tidal.com resources.tidal.com tidal.com
77.239.114.0 www.tiktok.com
77.239.114.0 timberland.de
77.239.114.0 image.tmdb.org tmdb.com tmdb.org
77.239.114.0 toolbox.app
77.239.114.0 torrenteditor.com
77.239.114.0 api-sg-central.trae.ai api.trae.ai trae.ai
77.239.114.0 ncsi-geo.trafficmanager.net ncsiv6-geo.trafficmanager.net
77.239.114.0 trailblazer.me
77.239.114.0 trailhead.com
77.239.114.0 transferwise.com
77.239.114.0 tria.ge
77.239.114.0 static-assets-1.truthsocial.com truthsocial.com
77.239.114.0 tsmc.com
77.239.114.0 usher.ttvnw.net
77.239.114.0 tutanota.com
77.239.114.0 gql.twitch.tv
77.239.114.0 typing.com
77.239.114.0 uaudio.com
77.239.114.0 uizard.io
77.239.114.0 unscreen.com
77.239.114.0 upwork.com
77.239.114.0 vagrantcloud.com
77.239.114.0 veeam.com
77.239.114.0 verificationacademy.com
77.239.114.0 vmware.com
77.239.114.0 volkswagen-classic-parts.com
77.239.114.0 v.vrv.co
77.239.114.0 vyos.io
77.239.114.0 walmart.com
77.239.114.0 watchguard.com
77.239.114.0 watermarkremover.io
77.239.114.0 wbagora.com
77.239.114.0 wbgames.com
77.239.114.0 upsx.weather.com weather.com
77.239.114.0 cdn.web-platform.io
77.239.114.0 webnames.ca
77.239.114.0 weebly.com
77.239.114.0 wetransfer.com
77.239.114.0 widgetapp.stream
77.239.114.0 wikidot.com
77.239.114.0 marketplace.windsurf.com windsurf.com
77.239.114.0 wise.com
77.239.114.0 aitestkitchen.withgoogle.com stitch.withgoogle.com
77.239.114.0 miracleptr.wordpress.com
77.239.114.0 wpengine.com
77.239.114.0 wunderground.com
77.239.114.0 accounts.x.ai grok.x.com x-minus.pro x.ai
77.239.114.0 xboxdesignlab.xbox.com xgpuweb.gssv-play-prod.xboxlive.com xgpuwebf2p.gssv-play-prod.xboxlive.com xsts.auth.xboxlive.com
77.239.114.0 support.xerox.com
77.239.114.0 xiaomi.eu
77.239.114.0 xrite.com
77.239.114.0 xtracloud.net
77.239.114.0 yeggi.com
77.239.114.0 youtrack.cloud
77.239.114.0 zapier.com
77.239.114.0 zedge.net
77.239.114.0 app.zerossl.com
