127.0.0.1 localhost
::1 localhost ip6-localhost ip6-loopback
ff02::1 ip6-allnodes
ff02::2 ip6-allrouters

45.155.204.190 usher.ttvnw.net
45.155.204.190 aitestkitchen.withgoogle.com stitch.withgoogle.com
45.155.204.190 developer.nvidia.com
103.27.157.38 guidedhacking.com
45.155.204.190 test.dns.malw.link
45.155.204.190 a1961.g2.akamai.net a1968.i6g1.akamai.net
103.27.157.38 xgpuweb.gssv-play-prod.xboxlive.com xgpuwebf2p.gssv-play-prod.xboxlive.com xsts.auth.xboxlive.com
103.27.157.38 api.manus.im manus.im
103.27.157.38 client-api.linear.app constellation.linear.app linear.app public.linear.app s.linear.app static.linear.app uploads.linear.app
45.155.204.190 tria.ge
45.155.204.190 copilot.microsoft.com win1910.ipv6.microsoft.com
45.155.204.190 api-global.squareup.com api.squareup.com
45.155.204.190 codeium.com inference.codeium.com server.codeium.com unleash.codeium.com web-backend.codeium.com windsurf-stable.codeium.com windsurf-telemetry.codeium.com
45.155.204.190 accounts.x.ai
45.155.204.190 ncsi-geo.trafficmanager.net ncsiv6-geo.trafficmanager.net
103.27.157.38 afcs.dellcdn.com
103.27.157.38 open-exp.spotifycdn.com
45.155.204.190 api.individual.githubcopilot.com proxy.individual.githubcopilot.com
103.27.157.38 aisandbox-pa.googleapis.com assistant-s3-pa.googleapis.com fitbit-pa.googleapis.com fitbitvestibuleshim-pa.googleapis.com generativelanguage.googleapis.com proactivebackend-pa.googleapis.com robinfrontend-pa.googleapis.com
103.27.157.38 marketplace.windsurf.com windsurf.com
45.155.204.190 patreon.com www.patreon.com
45.155.204.190 ab.chatgpt.com chatgpt.com operator.chatgpt.com sora.chatgpt.com webrtc.chatgpt.com
103.27.157.38 aistudio.google.com alkalimakersuite-pa.clients6.google.com fitbit.google.com gemini.google.com jules.google.com notebooklm.google.com webchannel-alkalimakersuite-pa.clients6.google.com
103.27.157.38 api-free.deepl.com auth.deepl.com backend.deepl.com checkout.www.deepl.com clearance.deepl.com deepl.com dict.deepl.com errortracking.deepl.com experimentation-grpc.deepl.com experimentation.deepl.com gtm.deepl.com ita-free.app.deepl.com ita-free.www.deepl.com login-wall.deepl.com oneshot-free.www.deepl.com ott.deepl.com s.deepl.com shield.deepl.com w.deepl.com write-free.www.deepl.com www.deepl.com www2.deepl.com
45.155.204.190 deezer.com payment.deezer.com www.deezer.com
45.155.204.190 eu.posthog.com us.posthog.com
45.155.204.190 web.archive.org
45.155.204.190 elevenreader.io
103.27.157.38 www.dyson.fr
45.155.204.190 cdn.oaistatic.com
103.27.157.38 azwindows.ipv6.microsoft.com.akadns.net www.microsoft.com-c-3.edgekey.net.globalredir.akadns.net
103.27.157.38 game.squadbustersgame.com
45.155.204.190 www.elgato.com
103.27.157.38 game-assets.clashofclans.com gamea.clashofclans.com
103.27.157.38 api.fitbit.com
103.27.157.38 accounts.autodesk.com www.autodesk.com
103.27.157.38 calendar.notion.so www.notion.so
103.27.157.38 frontend-api-v3.pump.fun images.pump.fun pump.fun swap-api.pump.fun
45.155.204.190 guilded.gg www.guilded.gg
103.27.157.38 controlplane.tailscale.com
103.27.157.38 b.i.instagram.com help.instagram.com instagram.com www.instagram.com
45.155.204.190 edgeservices.bing.com rewards.bing.com sydney.bing.com
45.155.204.190 dyson.com www.dyson.com
45.155.204.190 api.jetbrains.ai
103.27.157.38 tracker.openbittorrent.com
45.155.204.190 api-sg-central.trae.ai api.trae.ai
45.155.204.190 access.broadcom.com knowledge.broadcom.com profile.broadcom.com support.broadcom.com
103.27.157.38 www.microsoft.com-c-3.edgekey.net
103.27.157.38 framer.com
103.27.157.38 builds.parsec.app
103.27.157.38 claude.ai
103.27.157.38 account.jetbrains.com datalore.jetbrains.com download.jetbrains.com plugins.jetbrains.com
45.155.204.190 www.intel.com
103.27.157.38 d.rutor.info
103.27.157.38 accounts.supercell.com cdn.id.supercell.com clashofclans.inbox.supercell.com security.id.supercell.com store.supercell.com
45.155.204.190 accounts.scdn.co encore.scdn.co www-growth.scdn.co
45.155.204.190 api.github.com
103.27.157.38 accounts.spotify.com aet.spotify.com ap-gew1.spotify.com api-partner.spotify.com api.spotify.com appresolve.spotify.com gew1-dealer.spotify.com gew1-spclient.spotify.com login.app.spotify.com login5.spotify.com open.spotify.com spclient.wg.spotify.com www.spotify.com xpui.app.spotify.com
103.27.157.38 www.tiktok.com
103.27.157.38 game-assets.brawlstarsgame.com game.brawlstarsgame.com
45.155.204.190 dds.dell.com i.dell.com nexus.dell.com www.dell.com
103.27.157.38 notebooklm.google
103.27.157.38 dzcdn.net
103.27.157.38 geolocation.onetrust.com
45.155.204.190 labs.google
103.27.157.38 e13678.dscb.akamaiedge.net
103.27.157.38 ipv6.msftconnecttest.com.edgesuite.net www.msftncsi.com.edgesuite.net
45.155.204.190 ipv6.msftconnecttest.com www.msftconnecttest.com
103.27.157.38 android.chat.openai.com api.openai.com auth.openai.com auth0.openai.com ios.chat.openai.com platform.openai.com tcr9i.chat.openai.com videos.openai.com
45.155.204.190 api.tidal.com auth.tidal.com dd.tidal.com fsu.fa.tidal.com images.tidal.com link.tidal.com listen.tidal.com login.tidal.com resources.tidal.com
45.155.204.190 ntc.party
103.27.157.38 game.mocogame.com
103.27.157.38 files.oaiusercontent.com
45.155.204.190 api.anthropic.com auth.anthropic.com console.anthropic.com
45.155.204.190 z-p42-chat-e2ee-ig.facebook.com
45.155.204.190 sora.com
103.27.157.38 gql.twitch.tv
45.155.204.190 api.elevenlabs.io api.us.elevenlabs.io elevenlabs.io help.elevenlabs.io
103.27.157.38 content-management-files.canva.com static.canva.com www.canva.com
45.155.204.190 api.imgur.com
45.155.204.190 api16-normal-alisg.mchost.guru trae-api-sg.mchost.guru
103.27.157.38 cdn.auth0.com
103.27.157.38 www.qwant.com
103.27.157.38 static-assets-1.truthsocial.com truthsocial.com
103.27.157.38 game-assets.clashroyaleapp.com game.clashroyaleapp.com
103.27.157.38 upsx.weather.com weather.com
103.27.157.38 assets.grok.com grok.com
45.155.204.190 o.pki.goog
103.27.157.38 www.intel.de
